// Jest Snapshot v1, https://goo.gl/fbAQLP

exports[`Renders correctly Test CalculatorComponent 1`] = `
Object {
  "asFragment": [Function],
  "baseElement": <body>
    <div>
      <div
        class="calculator-container"
      >
        <div
          class="screen"
        >
          <span>
             
             
          </span>
        </div>
        <div
          class="buttonContainer"
        >
          <button
            class="operator"
            type="button"
          >
            AC
          </button>
          <button
            class="operator"
            type="button"
          >
            +/-
          </button>
          <button
            class="operator"
            type="button"
          >
            %
          </button>
          <button
            class="operator"
            type="button"
          >
            รท
          </button>
          <button
            class="number"
            type="button"
          >
            7
          </button>
          <button
            class="number"
            type="button"
          >
            8
          </button>
          <button
            class="number"
            type="button"
          >
            9
          </button>
          <button
            class="operator"
            type="button"
          >
            x
          </button>
          <button
            class="number"
            type="button"
          >
            4
          </button>
          <button
            class="number"
            type="button"
          >
            5
          </button>
          <button
            class="number"
            type="button"
          >
            6
          </button>
          <button
            class="operator"
            type="button"
          >
            -
          </button>
          <button
            class="number"
            type="button"
          >
            1
          </button>
          <button
            class="number"
            type="button"
          >
            2
          </button>
          <button
            class="number"
            type="button"
          >
            3
          </button>
          <button
            class="operator"
            type="button"
          >
            +
          </button>
          <button
            class="number zero"
            type="button"
          >
            0
          </button>
          <button
            class="number"
            type="button"
          >
            .
          </button>
          <button
            class="operator equal"
            type="button"
          >
            =
          </button>
        </div>
      </div>
    </div>
  </body>,
  "container": <div>
    <div
      class="calculator-container"
    >
      <div
        class="screen"
      >
        <span>
           
           
        </span>
      </div>
      <div
        class="buttonContainer"
      >
        <button
          class="operator"
          type="button"
        >
          AC
        </button>
        <button
          class="operator"
          type="button"
        >
          +/-
        </button>
        <button
          class="operator"
          type="button"
        >
          %
        </button>
        <button
          class="operator"
          type="button"
        >
          รท
        </button>
        <button
          class="number"
          type="button"
        >
          7
        </button>
        <button
          class="number"
          type="button"
        >
          8
        </button>
        <button
          class="number"
          type="button"
        >
          9
        </button>
        <button
          class="operator"
          type="button"
        >
          x
        </button>
        <button
          class="number"
          type="button"
        >
          4
        </button>
        <button
          class="number"
          type="button"
        >
          5
        </button>
        <button
          class="number"
          type="button"
        >
          6
        </button>
        <button
          class="operator"
          type="button"
        >
          -
        </button>
        <button
          class="number"
          type="button"
        >
          1
        </button>
        <button
          class="number"
          type="button"
        >
          2
        </button>
        <button
          class="number"
          type="button"
        >
          3
        </button>
        <button
          class="operator"
          type="button"
        >
          +
        </button>
        <button
          class="number zero"
          type="button"
        >
          0
        </button>
        <button
          class="number"
          type="button"
        >
          .
        </button>
        <button
          class="operator equal"
          type="button"
        >
          =
        </button>
      </div>
    </div>
  </div>,
  "debug": [Function],
  "findAllByAltText": [Function],
  "findAllByDisplayValue": [Function],
  "findAllByLabelText": [Function],
  "findAllByPlaceholderText": [Function],
  "findAllByRole": [Function],
  "findAllByTestId": [Function],
  "findAllByText": [Function],
  "findAllByTitle": [Function],
  "findByAltText": [Function],
  "findByDisplayValue": [Function],
  "findByLabelText": [Function],
  "findByPlaceholderText": [Function],
  "findByRole": [Function],
  "findByTestId": [Function],
  "findByText": [Function],
  "findByTitle": [Function],
  "getAllByAltText": [Function],
  "getAllByDisplayValue": [Function],
  "getAllByLabelText": [Function],
  "getAllByPlaceholderText": [Function],
  "getAllByRole": [Function],
  "getAllByTestId": [Function],
  "getAllByText": [Function],
  "getAllByTitle": [Function],
  "getByAltText": [Function],
  "getByDisplayValue": [Function],
  "getByLabelText": [Function],
  "getByPlaceholderText": [Function],
  "getByRole": [Function],
  "getByTestId": [Function],
  "getByText": [Function],
  "getByTitle": [Function],
  "queryAllByAltText": [Function],
  "queryAllByDisplayValue": [Function],
  "queryAllByLabelText": [Function],
  "queryAllByPlaceholderText": [Function],
  "queryAllByRole": [Function],
  "queryAllByTestId": [Function],
  "queryAllByText": [Function],
  "queryAllByTitle": [Function],
  "queryByAltText": [Function],
  "queryByDisplayValue": [Function],
  "queryByLabelText": [Function],
  "queryByPlaceholderText": [Function],
  "queryByRole": [Function],
  "queryByTestId": [Function],
  "queryByText": [Function],
  "queryByTitle": [Function],
  "rerender": [Function],
  "unmount": [Function],
}
`;
